// Jest Snapshot v1, https://goo.gl/fbAQLP

exports[`<Box /> renders correctly 1`] = `
ShallowWrapper {
  Symbol(enzyme.__root__): [Circular],
  Symbol(enzyme.__unrendered__): <Box
    icon="comments"
    title="Box title"
  >
    Test
  </Box>,
  Symbol(enzyme.__renderer__): Object {
    "batchedUpdates": [Function],
    "getNode": [Function],
    "render": [Function],
    "simulateError": [Function],
    "simulateEvent": [Function],
    "unmount": [Function],
  },
  Symbol(enzyme.__node__): Object {
    "instance": null,
    "key": undefined,
    "nodeType": "host",
    "props": Object {
      "children": Array [
        <h3>
          <span
            className="title-icon"
          >
            <FontAwesomeIcon
              border={false}
              className=""
              fixedWidth={true}
              flip={null}
              icon="comments"
              inverse={false}
              listItem={false}
              mask={null}
              pull={null}
              pulse={false}
              rotation={null}
              size={null}
              spin={false}
              symbol={false}
              title=""
              transform={null}
            />
          </span>
          Box title
        </h3>,
        "Test",
      ],
      "className": "box",
    },
    "ref": null,
    "rendered": Array [
      Object {
        "instance": null,
        "key": undefined,
        "nodeType": "host",
        "props": Object {
          "children": Array [
            <span
              className="title-icon"
            >
              <FontAwesomeIcon
                border={false}
                className=""
                fixedWidth={true}
                flip={null}
                icon="comments"
                inverse={false}
                listItem={false}
                mask={null}
                pull={null}
                pulse={false}
                rotation={null}
                size={null}
                spin={false}
                symbol={false}
                title=""
                transform={null}
              />
            </span>,
            "Box title",
          ],
        },
        "ref": null,
        "rendered": Array [
          Object {
            "instance": null,
            "key": undefined,
            "nodeType": "host",
            "props": Object {
              "children": <FontAwesomeIcon
                border={false}
                className=""
                fixedWidth={true}
                flip={null}
                icon="comments"
                inverse={false}
                listItem={false}
                mask={null}
                pull={null}
                pulse={false}
                rotation={null}
                size={null}
                spin={false}
                symbol={false}
                title=""
                transform={null}
              />,
              "className": "title-icon",
            },
            "ref": null,
            "rendered": Object {
              "instance": null,
              "key": undefined,
              "nodeType": "function",
              "props": Object {
                "border": false,
                "className": "",
                "fixedWidth": true,
                "flip": null,
                "icon": "comments",
                "inverse": false,
                "listItem": false,
                "mask": null,
                "pull": null,
                "pulse": false,
                "rotation": null,
                "size": null,
                "spin": false,
                "symbol": false,
                "title": "",
                "transform": null,
              },
              "ref": null,
              "rendered": null,
              "type": [Function],
            },
            "type": "span",
          },
          "Box title",
        ],
        "type": "h3",
      },
      "Test",
    ],
    "type": "div",
  },
  Symbol(enzyme.__nodes__): Array [
    Object {
      "instance": null,
      "key": undefined,
      "nodeType": "host",
      "props": Object {
        "children": Array [
          <h3>
            <span
              className="title-icon"
            >
              <FontAwesomeIcon
                border={false}
                className=""
                fixedWidth={true}
                flip={null}
                icon="comments"
                inverse={false}
                listItem={false}
                mask={null}
                pull={null}
                pulse={false}
                rotation={null}
                size={null}
                spin={false}
                symbol={false}
                title=""
                transform={null}
              />
            </span>
            Box title
          </h3>,
          "Test",
        ],
        "className": "box",
      },
      "ref": null,
      "rendered": Array [
        Object {
          "instance": null,
          "key": undefined,
          "nodeType": "host",
          "props": Object {
            "children": Array [
              <span
                className="title-icon"
              >
                <FontAwesomeIcon
                  border={false}
                  className=""
                  fixedWidth={true}
                  flip={null}
                  icon="comments"
                  inverse={false}
                  listItem={false}
                  mask={null}
                  pull={null}
                  pulse={false}
                  rotation={null}
                  size={null}
                  spin={false}
                  symbol={false}
                  title=""
                  transform={null}
                />
              </span>,
              "Box title",
            ],
          },
          "ref": null,
          "rendered": Array [
            Object {
              "instance": null,
              "key": undefined,
              "nodeType": "host",
              "props": Object {
                "children": <FontAwesomeIcon
                  border={false}
                  className=""
                  fixedWidth={true}
                  flip={null}
                  icon="comments"
                  inverse={false}
                  listItem={false}
                  mask={null}
                  pull={null}
                  pulse={false}
                  rotation={null}
                  size={null}
                  spin={false}
                  symbol={false}
                  title=""
                  transform={null}
                />,
                "className": "title-icon",
              },
              "ref": null,
              "rendered": Object {
                "instance": null,
                "key": undefined,
                "nodeType": "function",
                "props": Object {
                  "border": false,
                  "className": "",
                  "fixedWidth": true,
                  "flip": null,
                  "icon": "comments",
                  "inverse": false,
                  "listItem": false,
                  "mask": null,
                  "pull": null,
                  "pulse": false,
                  "rotation": null,
                  "size": null,
                  "spin": false,
                  "symbol": false,
                  "title": "",
                  "transform": null,
                },
                "ref": null,
                "rendered": null,
                "type": [Function],
              },
              "type": "span",
            },
            "Box title",
          ],
          "type": "h3",
        },
        "Test",
      ],
      "type": "div",
    },
  ],
  Symbol(enzyme.__options__): Object {
    "adapter": ReactSixteenAdapter {
      "options": Object {
        "enableComponentDidUpdateOnSetState": true,
        "lifecycles": Object {
          "componentDidUpdate": Object {
            "onSetState": true,
          },
          "getDerivedStateFromProps": true,
          "getSnapshotBeforeUpdate": true,
          "setState": Object {
            "skipsComponentDidUpdateOnNullish": true,
          },
        },
      },
    },
  },
}
`;
