// Jest Snapshot v1, https://goo.gl/fbAQLP

exports[`<StatusBarItem /> renders correctly 1`] = `
ShallowWrapper {
  Symbol(enzyme.__root__): [Circular],
  Symbol(enzyme.__unrendered__): <statusBarItem
    amount="1000"
    icon="shopping-bag"
    text="New Orders"
    theme="blue"
  />,
  Symbol(enzyme.__renderer__): Object {
    "batchedUpdates": [Function],
    "getNode": [Function],
    "render": [Function],
    "simulateError": [Function],
    "simulateEvent": [Function],
    "unmount": [Function],
  },
  Symbol(enzyme.__node__): Object {
    "instance": null,
    "key": undefined,
    "nodeType": "host",
    "props": Object {
      "children": <div
        className="status-bar__item status-bar__item--blue"
      >
        <div
          className="status-bar__icon"
        >
          <FontAwesomeIcon
            border={false}
            className=""
            fixedWidth={true}
            flip={null}
            icon="shopping-bag"
            inverse={false}
            listItem={false}
            mask={null}
            pull={null}
            pulse={false}
            rotation={null}
            size={null}
            spin={false}
            symbol={false}
            title=""
            transform={null}
          />
        </div>
        <div
          className="status-bar__data"
        >
          <loader
            loaded="1000"
          >
            <span
              className="status-bar__amount"
            >
              <NumericLabel
                params={
                  Object {
                    "locales": "en-US",
                    "precision": 0,
                    "shortFormat": true,
                    "shortFormatMinValue": 1000,
                    "shortFormatPrecision": 1,
                  }
                }
              >
                1000
              </NumericLabel>
            </span>
            <span
              className="status-bar__text"
            >
              New Orders
            </span>
          </loader>
        </div>
      </div>,
      "className": "col-12 col-sm-12 col-md-6 col-lg-3",
    },
    "ref": null,
    "rendered": Object {
      "instance": null,
      "key": undefined,
      "nodeType": "host",
      "props": Object {
        "children": Array [
          <div
            className="status-bar__icon"
          >
            <FontAwesomeIcon
              border={false}
              className=""
              fixedWidth={true}
              flip={null}
              icon="shopping-bag"
              inverse={false}
              listItem={false}
              mask={null}
              pull={null}
              pulse={false}
              rotation={null}
              size={null}
              spin={false}
              symbol={false}
              title=""
              transform={null}
            />
          </div>,
          <div
            className="status-bar__data"
          >
            <loader
              loaded="1000"
            >
              <span
                className="status-bar__amount"
              >
                <NumericLabel
                  params={
                    Object {
                      "locales": "en-US",
                      "precision": 0,
                      "shortFormat": true,
                      "shortFormatMinValue": 1000,
                      "shortFormatPrecision": 1,
                    }
                  }
                >
                  1000
                </NumericLabel>
              </span>
              <span
                className="status-bar__text"
              >
                New Orders
              </span>
            </loader>
          </div>,
        ],
        "className": "status-bar__item status-bar__item--blue",
      },
      "ref": null,
      "rendered": Array [
        Object {
          "instance": null,
          "key": undefined,
          "nodeType": "host",
          "props": Object {
            "children": <FontAwesomeIcon
              border={false}
              className=""
              fixedWidth={true}
              flip={null}
              icon="shopping-bag"
              inverse={false}
              listItem={false}
              mask={null}
              pull={null}
              pulse={false}
              rotation={null}
              size={null}
              spin={false}
              symbol={false}
              title=""
              transform={null}
            />,
            "className": "status-bar__icon",
          },
          "ref": null,
          "rendered": Object {
            "instance": null,
            "key": undefined,
            "nodeType": "function",
            "props": Object {
              "border": false,
              "className": "",
              "fixedWidth": true,
              "flip": null,
              "icon": "shopping-bag",
              "inverse": false,
              "listItem": false,
              "mask": null,
              "pull": null,
              "pulse": false,
              "rotation": null,
              "size": null,
              "spin": false,
              "symbol": false,
              "title": "",
              "transform": null,
            },
            "ref": null,
            "rendered": null,
            "type": [Function],
          },
          "type": "div",
        },
        Object {
          "instance": null,
          "key": undefined,
          "nodeType": "host",
          "props": Object {
            "children": <loader
              loaded="1000"
            >
              <span
                className="status-bar__amount"
              >
                <NumericLabel
                  params={
                    Object {
                      "locales": "en-US",
                      "precision": 0,
                      "shortFormat": true,
                      "shortFormatMinValue": 1000,
                      "shortFormatPrecision": 1,
                    }
                  }
                >
                  1000
                </NumericLabel>
              </span>
              <span
                className="status-bar__text"
              >
                New Orders
              </span>
            </loader>,
            "className": "status-bar__data",
          },
          "ref": null,
          "rendered": Object {
            "instance": null,
            "key": undefined,
            "nodeType": "function",
            "props": Object {
              "children": Array [
                <span
                  className="status-bar__amount"
                >
                  <NumericLabel
                    params={
                      Object {
                        "locales": "en-US",
                        "precision": 0,
                        "shortFormat": true,
                        "shortFormatMinValue": 1000,
                        "shortFormatPrecision": 1,
                      }
                    }
                  >
                    1000
                  </NumericLabel>
                </span>,
                <span
                  className="status-bar__text"
                >
                  New Orders
                </span>,
              ],
              "loaded": "1000",
            },
            "ref": null,
            "rendered": Array [
              Object {
                "instance": null,
                "key": undefined,
                "nodeType": "host",
                "props": Object {
                  "children": <NumericLabel
                    params={
                      Object {
                        "locales": "en-US",
                        "precision": 0,
                        "shortFormat": true,
                        "shortFormatMinValue": 1000,
                        "shortFormatPrecision": 1,
                      }
                    }
                  >
                    1000
                  </NumericLabel>,
                  "className": "status-bar__amount",
                },
                "ref": null,
                "rendered": Object {
                  "instance": null,
                  "key": undefined,
                  "nodeType": "function",
                  "props": Object {
                    "children": "1000",
                    "params": Object {
                      "locales": "en-US",
                      "precision": 0,
                      "shortFormat": true,
                      "shortFormatMinValue": 1000,
                      "shortFormatPrecision": 1,
                    },
                  },
                  "ref": null,
                  "rendered": "1000",
                  "type": [Function],
                },
                "type": "span",
              },
              Object {
                "instance": null,
                "key": undefined,
                "nodeType": "host",
                "props": Object {
                  "children": "New Orders",
                  "className": "status-bar__text",
                },
                "ref": null,
                "rendered": "New Orders",
                "type": "span",
              },
            ],
            "type": [Function],
          },
          "type": "div",
        },
      ],
      "type": "div",
    },
    "type": "div",
  },
  Symbol(enzyme.__nodes__): Array [
    Object {
      "instance": null,
      "key": undefined,
      "nodeType": "host",
      "props": Object {
        "children": <div
          className="status-bar__item status-bar__item--blue"
        >
          <div
            className="status-bar__icon"
          >
            <FontAwesomeIcon
              border={false}
              className=""
              fixedWidth={true}
              flip={null}
              icon="shopping-bag"
              inverse={false}
              listItem={false}
              mask={null}
              pull={null}
              pulse={false}
              rotation={null}
              size={null}
              spin={false}
              symbol={false}
              title=""
              transform={null}
            />
          </div>
          <div
            className="status-bar__data"
          >
            <loader
              loaded="1000"
            >
              <span
                className="status-bar__amount"
              >
                <NumericLabel
                  params={
                    Object {
                      "locales": "en-US",
                      "precision": 0,
                      "shortFormat": true,
                      "shortFormatMinValue": 1000,
                      "shortFormatPrecision": 1,
                    }
                  }
                >
                  1000
                </NumericLabel>
              </span>
              <span
                className="status-bar__text"
              >
                New Orders
              </span>
            </loader>
          </div>
        </div>,
        "className": "col-12 col-sm-12 col-md-6 col-lg-3",
      },
      "ref": null,
      "rendered": Object {
        "instance": null,
        "key": undefined,
        "nodeType": "host",
        "props": Object {
          "children": Array [
            <div
              className="status-bar__icon"
            >
              <FontAwesomeIcon
                border={false}
                className=""
                fixedWidth={true}
                flip={null}
                icon="shopping-bag"
                inverse={false}
                listItem={false}
                mask={null}
                pull={null}
                pulse={false}
                rotation={null}
                size={null}
                spin={false}
                symbol={false}
                title=""
                transform={null}
              />
            </div>,
            <div
              className="status-bar__data"
            >
              <loader
                loaded="1000"
              >
                <span
                  className="status-bar__amount"
                >
                  <NumericLabel
                    params={
                      Object {
                        "locales": "en-US",
                        "precision": 0,
                        "shortFormat": true,
                        "shortFormatMinValue": 1000,
                        "shortFormatPrecision": 1,
                      }
                    }
                  >
                    1000
                  </NumericLabel>
                </span>
                <span
                  className="status-bar__text"
                >
                  New Orders
                </span>
              </loader>
            </div>,
          ],
          "className": "status-bar__item status-bar__item--blue",
        },
        "ref": null,
        "rendered": Array [
          Object {
            "instance": null,
            "key": undefined,
            "nodeType": "host",
            "props": Object {
              "children": <FontAwesomeIcon
                border={false}
                className=""
                fixedWidth={true}
                flip={null}
                icon="shopping-bag"
                inverse={false}
                listItem={false}
                mask={null}
                pull={null}
                pulse={false}
                rotation={null}
                size={null}
                spin={false}
                symbol={false}
                title=""
                transform={null}
              />,
              "className": "status-bar__icon",
            },
            "ref": null,
            "rendered": Object {
              "instance": null,
              "key": undefined,
              "nodeType": "function",
              "props": Object {
                "border": false,
                "className": "",
                "fixedWidth": true,
                "flip": null,
                "icon": "shopping-bag",
                "inverse": false,
                "listItem": false,
                "mask": null,
                "pull": null,
                "pulse": false,
                "rotation": null,
                "size": null,
                "spin": false,
                "symbol": false,
                "title": "",
                "transform": null,
              },
              "ref": null,
              "rendered": null,
              "type": [Function],
            },
            "type": "div",
          },
          Object {
            "instance": null,
            "key": undefined,
            "nodeType": "host",
            "props": Object {
              "children": <loader
                loaded="1000"
              >
                <span
                  className="status-bar__amount"
                >
                  <NumericLabel
                    params={
                      Object {
                        "locales": "en-US",
                        "precision": 0,
                        "shortFormat": true,
                        "shortFormatMinValue": 1000,
                        "shortFormatPrecision": 1,
                      }
                    }
                  >
                    1000
                  </NumericLabel>
                </span>
                <span
                  className="status-bar__text"
                >
                  New Orders
                </span>
              </loader>,
              "className": "status-bar__data",
            },
            "ref": null,
            "rendered": Object {
              "instance": null,
              "key": undefined,
              "nodeType": "function",
              "props": Object {
                "children": Array [
                  <span
                    className="status-bar__amount"
                  >
                    <NumericLabel
                      params={
                        Object {
                          "locales": "en-US",
                          "precision": 0,
                          "shortFormat": true,
                          "shortFormatMinValue": 1000,
                          "shortFormatPrecision": 1,
                        }
                      }
                    >
                      1000
                    </NumericLabel>
                  </span>,
                  <span
                    className="status-bar__text"
                  >
                    New Orders
                  </span>,
                ],
                "loaded": "1000",
              },
              "ref": null,
              "rendered": Array [
                Object {
                  "instance": null,
                  "key": undefined,
                  "nodeType": "host",
                  "props": Object {
                    "children": <NumericLabel
                      params={
                        Object {
                          "locales": "en-US",
                          "precision": 0,
                          "shortFormat": true,
                          "shortFormatMinValue": 1000,
                          "shortFormatPrecision": 1,
                        }
                      }
                    >
                      1000
                    </NumericLabel>,
                    "className": "status-bar__amount",
                  },
                  "ref": null,
                  "rendered": Object {
                    "instance": null,
                    "key": undefined,
                    "nodeType": "function",
                    "props": Object {
                      "children": "1000",
                      "params": Object {
                        "locales": "en-US",
                        "precision": 0,
                        "shortFormat": true,
                        "shortFormatMinValue": 1000,
                        "shortFormatPrecision": 1,
                      },
                    },
                    "ref": null,
                    "rendered": "1000",
                    "type": [Function],
                  },
                  "type": "span",
                },
                Object {
                  "instance": null,
                  "key": undefined,
                  "nodeType": "host",
                  "props": Object {
                    "children": "New Orders",
                    "className": "status-bar__text",
                  },
                  "ref": null,
                  "rendered": "New Orders",
                  "type": "span",
                },
              ],
              "type": [Function],
            },
            "type": "div",
          },
        ],
        "type": "div",
      },
      "type": "div",
    },
  ],
  Symbol(enzyme.__options__): Object {
    "adapter": ReactSixteenAdapter {
      "options": Object {
        "enableComponentDidUpdateOnSetState": true,
        "lifecycles": Object {
          "componentDidUpdate": Object {
            "onSetState": true,
          },
          "getDerivedStateFromProps": true,
          "getSnapshotBeforeUpdate": true,
          "setState": Object {
            "skipsComponentDidUpdateOnNullish": true,
          },
        },
      },
    },
  },
}
`;
