// Jest Snapshot v1, https://goo.gl/fbAQLP

exports[`<StatusBar /> renders correctly 1`] = `
ShallowWrapper {
  Symbol(enzyme.__root__): [Circular],
  Symbol(enzyme.__unrendered__): <statusBar
    widgets={
      Object {
        "comments": 59,
        "newOrders": 124,
        "newUsers": 9,
        "pageViews": 17827,
      }
    }
  />,
  Symbol(enzyme.__renderer__): Object {
    "batchedUpdates": [Function],
    "getNode": [Function],
    "render": [Function],
    "simulateError": [Function],
    "simulateEvent": [Function],
    "unmount": [Function],
  },
  Symbol(enzyme.__node__): Object {
    "instance": null,
    "key": undefined,
    "nodeType": "host",
    "props": Object {
      "children": Array [
        <statusBarItem
          amount={124}
          icon="shopping-bag"
          text="New Orders"
          theme="blue"
        />,
        <statusBarItem
          amount={59}
          icon="comment"
          text="Comments"
          theme="yellow"
        />,
        <statusBarItem
          amount={9}
          icon="user"
          text="New Users"
          theme="green"
        />,
        <statusBarItem
          amount={17827}
          icon="eye"
          text="Page Views"
          theme="red"
        />,
      ],
      "className": "row status-bar",
    },
    "ref": null,
    "rendered": Array [
      Object {
        "instance": null,
        "key": undefined,
        "nodeType": "function",
        "props": Object {
          "amount": 124,
          "icon": "shopping-bag",
          "text": "New Orders",
          "theme": "blue",
        },
        "ref": null,
        "rendered": null,
        "type": [Function],
      },
      Object {
        "instance": null,
        "key": undefined,
        "nodeType": "function",
        "props": Object {
          "amount": 59,
          "icon": "comment",
          "text": "Comments",
          "theme": "yellow",
        },
        "ref": null,
        "rendered": null,
        "type": [Function],
      },
      Object {
        "instance": null,
        "key": undefined,
        "nodeType": "function",
        "props": Object {
          "amount": 9,
          "icon": "user",
          "text": "New Users",
          "theme": "green",
        },
        "ref": null,
        "rendered": null,
        "type": [Function],
      },
      Object {
        "instance": null,
        "key": undefined,
        "nodeType": "function",
        "props": Object {
          "amount": 17827,
          "icon": "eye",
          "text": "Page Views",
          "theme": "red",
        },
        "ref": null,
        "rendered": null,
        "type": [Function],
      },
    ],
    "type": "div",
  },
  Symbol(enzyme.__nodes__): Array [
    Object {
      "instance": null,
      "key": undefined,
      "nodeType": "host",
      "props": Object {
        "children": Array [
          <statusBarItem
            amount={124}
            icon="shopping-bag"
            text="New Orders"
            theme="blue"
          />,
          <statusBarItem
            amount={59}
            icon="comment"
            text="Comments"
            theme="yellow"
          />,
          <statusBarItem
            amount={9}
            icon="user"
            text="New Users"
            theme="green"
          />,
          <statusBarItem
            amount={17827}
            icon="eye"
            text="Page Views"
            theme="red"
          />,
        ],
        "className": "row status-bar",
      },
      "ref": null,
      "rendered": Array [
        Object {
          "instance": null,
          "key": undefined,
          "nodeType": "function",
          "props": Object {
            "amount": 124,
            "icon": "shopping-bag",
            "text": "New Orders",
            "theme": "blue",
          },
          "ref": null,
          "rendered": null,
          "type": [Function],
        },
        Object {
          "instance": null,
          "key": undefined,
          "nodeType": "function",
          "props": Object {
            "amount": 59,
            "icon": "comment",
            "text": "Comments",
            "theme": "yellow",
          },
          "ref": null,
          "rendered": null,
          "type": [Function],
        },
        Object {
          "instance": null,
          "key": undefined,
          "nodeType": "function",
          "props": Object {
            "amount": 9,
            "icon": "user",
            "text": "New Users",
            "theme": "green",
          },
          "ref": null,
          "rendered": null,
          "type": [Function],
        },
        Object {
          "instance": null,
          "key": undefined,
          "nodeType": "function",
          "props": Object {
            "amount": 17827,
            "icon": "eye",
            "text": "Page Views",
            "theme": "red",
          },
          "ref": null,
          "rendered": null,
          "type": [Function],
        },
      ],
      "type": "div",
    },
  ],
  Symbol(enzyme.__options__): Object {
    "adapter": ReactSixteenAdapter {
      "options": Object {
        "enableComponentDidUpdateOnSetState": true,
        "lifecycles": Object {
          "componentDidUpdate": Object {
            "onSetState": true,
          },
          "getDerivedStateFromProps": true,
          "getSnapshotBeforeUpdate": true,
          "setState": Object {
            "skipsComponentDidUpdateOnNullish": true,
          },
        },
      },
    },
  },
}
`;
